// Jest Snapshot v1, https://goo.gl/fbAQLP

exports[`<PeopleScreen /> renders correctly 1`] = `
<View
  style={
    {
      "alignItems": "center",
      "backgroundColor": "#fff",
      "flex": 1,
      "justifyContent": "center",
    }
  }
>
  <RCTScrollView
    getItem={[Function]}
    getItemCount={[Function]}
    keyExtractor={[Function]}
    onContentSizeChange={[Function]}
    onLayout={[Function]}
    onMomentumScrollBegin={[Function]}
    onMomentumScrollEnd={[Function]}
    onScroll={[Function]}
    onScrollBeginDrag={[Function]}
    onScrollEndDrag={[Function]}
    removeClippedSubviews={false}
    renderItem={[Function]}
    scrollEventThrottle={50}
    stickyHeaderIndices={[]}
    viewabilityConfigCallbackPairs={[]}
  >
    <View />
  </RCTScrollView>
</View>
`;
